// Jest Snapshot v1, https://goo.gl/fbAQLP

exports[`Home page matches snapshot 1`] = `
<DocumentFragment>
  <div
    class="container"
  >
    <main>
      <h1
        class="title"
      >
        Home Swing
      </h1>
      <p
        class="description"
      >
        Get started by listing your home to swing.
      </p>
      <div
        class="grid"
      >
        <div
          class="card"
        >
          <h3>
            Hello World →
          </h3>
          <p>
            This is the first hello world content
          </p>
          <p>
            alice@prisma.io
          </p>
        </div>
        <div
          class="card"
        >
          <h3>
            Hello Second World →
          </h3>
          <p>
            This is the second hello world content
          </p>
          <p>
            mark@prisma.io
          </p>
        </div>
        <div
          class="card"
        >
          <h3>
            Hello Third World →
          </h3>
          <p>
            This is the third hello world content
          </p>
          <p>
            rob@prisma.io
          </p>
        </div>
      </div>
    </main>
  </div>
</DocumentFragment>
`;
