// Jest Snapshot v1, https://goo.gl/fbAQLP

exports[`Single post page matches snapshot 1`] = `
<div>
  <div
    class="container"
  >
    <div
      class="main"
    >
      <div
        class="grid"
      >
        <div
          class="card"
        >
          <form>
            
            <div>
              <label
                for="title-input"
                id="title-label"
              >
                Title
                 
              </label>
              <br />
              <input
                autocomplete="title"
                id="title-input"
                name="title"
                type="text"
                value="Hello World"
              />
            </div>
            <div>
              <label
                for="content-input"
                id="content-label"
              >
                Content
                 
              </label>
              <br />
              <input
                autocomplete="content"
                id="content-input"
                name="content"
                type="text"
                value="This is the hello world content"
              />
            </div>
            <button
              type="submit"
            >
              Create
            </button>
             or
             
            <a
              href="/signup"
            >
              Sign up
            </a>
          </form>
        </div>
        <button>
          Update
        </button>
        <button>
          Delete
        </button>
      </div>
    </div>
  </div>
</div>
`;

exports[`Single post page matches snapshot 2`] = `<div />`;
